  Determining projects to restore...
  All projects are up-to-date for restore.
  Domain -> C:\Users\BINH\Documents\Documents\AnhEmMotorProject\AnhEmMotor-Backend\Domain\bin\Debug\net10.0\Domain.dll
C:\Users\BINH\Documents\Documents\AnhEmMotorProject\AnhEmMotor-Backend\Application\Features\Statistical\Queries\GetProductStockAndPrice\GetProductStockAndPriceQueryHandler.cs(19,63): error CS0103: The name 'ApiErrors' does not exist in the current context [C:\Users\BINH\Documents\Documents\AnhEmMotorProject\AnhEmMotor-Backend\Application\Application.csproj]
C:\Users\BINH\Documents\Documents\AnhEmMotorProject\AnhEmMotor-Backend\Application\Features\Statistical\Queries\GetDailyRevenue\GetDailyRevenueQueryHandler.cs(17,70): error CS0103: The name 'ApiErrors' does not exist in the current context [C:\Users\BINH\Documents\Documents\AnhEmMotorProject\AnhEmMotor-Backend\Application\Application.csproj]

Build FAILED.

C:\Users\BINH\Documents\Documents\AnhEmMotorProject\AnhEmMotor-Backend\Application\Features\Statistical\Queries\GetProductStockAndPrice\GetProductStockAndPriceQueryHandler.cs(19,63): error CS0103: The name 'ApiErrors' does not exist in the current context [C:\Users\BINH\Documents\Documents\AnhEmMotorProject\AnhEmMotor-Backend\Application\Application.csproj]
C:\Users\BINH\Documents\Documents\AnhEmMotorProject\AnhEmMotor-Backend\Application\Features\Statistical\Queries\GetDailyRevenue\GetDailyRevenueQueryHandler.cs(17,70): error CS0103: The name 'ApiErrors' does not exist in the current context [C:\Users\BINH\Documents\Documents\AnhEmMotorProject\AnhEmMotor-Backend\Application\Application.csproj]
    0 Warning(s)
    2 Error(s)

Time Elapsed 00:00:02.76
