  Determining projects to restore...
  All projects are up-to-date for restore.
  Domain -> C:\Users\BINH\Documents\Documents\AnhEmMotorProject\AnhEmMotor-Backend\Domain\bin\Debug\net10.0\Domain.dll
  Application -> C:\Users\BINH\Documents\Documents\AnhEmMotorProject\AnhEmMotor-Backend\Application\bin\Debug\net10.0\Application.dll
  UnitTests -> C:\Users\BINH\Documents\Documents\AnhEmMotorProject\AnhEmMotor-Backend\UnitTests\bin\Debug\net10.0\UnitTests.dll
Test run for C:\Users\BINH\Documents\Documents\AnhEmMotorProject\AnhEmMotor-Backend\UnitTests\bin\Debug\net10.0\UnitTests.dll (.NETCoreApp,Version=v10.0)
VSTest version 18.0.1 (x64)

Starting test execution, please wait...
A total of 1 test files matched the specified pattern.
C:\Users\BINH\Documents\Documents\AnhEmMotorProject\AnhEmMotor-Backend\UnitTests\bin\Debug\net10.0\UnitTests.dll
[xUnit.net 00:00:00.00] xUnit.net VSTest Adapter v3.1.5+1b188a7b0a (64-bit .NET 10.0.2)
[xUnit.net 00:00:00.07]   Discovering: UnitTests
[xUnit.net 00:00:00.11]   Discovered:  UnitTests
[xUnit.net 00:00:00.12]   Starting:    UnitTests
[xUnit.net 00:00:00.18]       FluentValidation.TestHelper.ValidationTestException : Expected an error message of 'All numeric fields must contain valid numbers'. Actual message was 'Order_value_exceeds must be a valid integer.'
[xUnit.net 00:00:00.18]       Stack Trace:
[xUnit.net 00:00:00.18]         /_/src/FluentValidation/TestHelper/ValidatorTestExtensions.cs(149,0): at FluentValidation.TestHelper.ValidationTestExtension.When(ITestValidationContinuation failures, Func`2 failurePredicate, String exceptionMessage)
[xUnit.net 00:00:00.18]         /_/src/FluentValidation/TestHelper/ValidatorTestExtensions.cs(184,0): at FluentValidation.TestHelper.ValidationTestExtension.WithErrorMessage(ITestValidationContinuation failures, String expectedErrorMessage)
[xUnit.net 00:00:00.18]         C:\Users\BINH\Documents\Documents\AnhEmMotorProject\AnhEmMotor-Backend\UnitTests\Setting.cs(150,0): at UnitTests.Setting.SETTING_022_Validator_OrderValueExceeds_NonNumeric_ShouldFail()
[xUnit.net 00:00:00.18]            at System.Reflection.MethodBaseInvoker.InterpretedInvoke_Method(Object obj, IntPtr* args)
[xUnit.net 00:00:00.18]            at System.Reflection.MethodBaseInvoker.InvokeWithNoArgs(Object obj, BindingFlags invokeAttr)
[xUnit.net 00:00:00.18]       FluentValidation.TestHelper.ValidationTestException : Expected an error message of 'Integer fields cannot have decimal values'. Actual message was 'Inventory_alert_level must be a valid integer.'
[xUnit.net 00:00:00.18]       Stack Trace:
[xUnit.net 00:00:00.18]         /_/src/FluentValidation/TestHelper/ValidatorTestExtensions.cs(149,0): at FluentValidation.TestHelper.ValidationTestExtension.When(ITestValidationContinuation failures, Func`2 failurePredicate, String exceptionMessage)
[xUnit.net 00:00:00.18]         /_/src/FluentValidation/TestHelper/ValidatorTestExtensions.cs(184,0): at FluentValidation.TestHelper.ValidationTestExtension.WithErrorMessage(ITestValidationContinuation failures, String expectedErrorMessage)
[xUnit.net 00:00:00.18]         C:\Users\BINH\Documents\Documents\AnhEmMotorProject\AnhEmMotor-Backend\UnitTests\Setting.cs(135,0): at UnitTests.Setting.SETTING_021_Validator_InventoryAlertLevel_DecimalValue_ShouldFail()
[xUnit.net 00:00:00.18]            at System.Reflection.MethodBaseInvoker.InterpretedInvoke_Method(Object obj, IntPtr* args)
[xUnit.net 00:00:00.18]            at System.Reflection.MethodBaseInvoker.InvokeWithNoArgs(Object obj, BindingFlags invokeAttr)
[xUnit.net 00:00:00.18]       FluentValidation.TestHelper.ValidationTestException : Expected an error message of 'Settings cannot be empty'. Actual message was 'Settings cannot be empty.'
[xUnit.net 00:00:00.18]       Stack Trace:
[xUnit.net 00:00:00.18]         /_/src/FluentValidation/TestHelper/ValidatorTestExtensions.cs(149,0): at FluentValidation.TestHelper.ValidationTestExtension.When(ITestValidationContinuation failures, Func`2 failurePredicate, String exceptionMessage)
[xUnit.net 00:00:00.18]         /_/src/FluentValidation/TestHelper/ValidatorTestExtensions.cs(184,0): at FluentValidation.TestHelper.ValidationTestExtension.WithErrorMessage(ITestValidationContinuation failures, String expectedErrorMessage)
[xUnit.net 00:00:00.18]         C:\Users\BINH\Documents\Documents\AnhEmMotorProject\AnhEmMotor-Backend\UnitTests\Setting.cs(176,0): at UnitTests.Setting.SETTING_024_Validator_EmptySettings_ShouldFail()
[xUnit.net 00:00:00.18]            at System.Reflection.MethodBaseInvoker.InterpretedInvoke_Method(Object obj, IntPtr* args)
[xUnit.net 00:00:00.18]            at System.Reflection.MethodBaseInvoker.InvokeWithNoArgs(Object obj, BindingFlags invokeAttr)
[xUnit.net 00:00:00.19]       FluentValidation.TestHelper.ValidationTestException : Expected an error message of 'Deposit ratio must be between 1.0 and 99.0 with max 1 decimal place'. Actual message was 'Deposit_ratio must be a number between 1 and 99, with at most 1 decimal place.'
[xUnit.net 00:00:00.19]       Stack Trace:
[xUnit.net 00:00:00.19]         /_/src/FluentValidation/TestHelper/ValidatorTestExtensions.cs(149,0): at FluentValidation.TestHelper.ValidationTestExtension.When(ITestValidationContinuation failures, Func`2 failurePredicate, String exceptionMessage)
[xUnit.net 00:00:00.19]         /_/src/FluentValidation/TestHelper/ValidatorTestExtensions.cs(184,0): at FluentValidation.TestHelper.ValidationTestExtension.WithErrorMessage(ITestValidationContinuation failures, String expectedErrorMessage)
[xUnit.net 00:00:00.19]         C:\Users\BINH\Documents\Documents\AnhEmMotorProject\AnhEmMotor-Backend\UnitTests\Setting.cs(90,0): at UnitTests.Setting.SETTING_018_Validator_DepositRatio_AboveMaximum_ShouldFail()
[xUnit.net 00:00:00.19]            at System.Reflection.MethodBaseInvoker.InterpretedInvoke_Method(Object obj, IntPtr* args)
[xUnit.net 00:00:00.19]            at System.Reflection.MethodBaseInvoker.InvokeWithNoArgs(Object obj, BindingFlags invokeAttr)
[xUnit.net 00:00:00.24]       FluentValidation.TestHelper.ValidationTestException : Expected an error message of 'All numeric fields must contain valid numbers'. Actual message was 'Deposit_ratio must be a number between 1 and 99, with at most 1 decimal place.'
[xUnit.net 00:00:00.24]       Stack Trace:
[xUnit.net 00:00:00.25]         /_/src/FluentValidation/TestHelper/ValidatorTestExtensions.cs(149,0): at FluentValidation.TestHelper.ValidationTestExtension.When(ITestValidationContinuation failures, Func`2 failurePredicate, String exceptionMessage)
[xUnit.net 00:00:00.25]         /_/src/FluentValidation/TestHelper/ValidatorTestExtensions.cs(184,0): at FluentValidation.TestHelper.ValidationTestExtension.WithErrorMessage(ITestValidationContinuation failures, String expectedErrorMessage)
[xUnit.net 00:00:00.25]         C:\Users\BINH\Documents\Documents\AnhEmMotorProject\AnhEmMotor-Backend\UnitTests\Setting.cs(105,0): at UnitTests.Setting.SETTING_019_Validator_DepositRatio_NonNumeric_ShouldFail()
[xUnit.net 00:00:00.25]            at System.Reflection.MethodBaseInvoker.InterpretedInvoke_Method(Object obj, IntPtr* args)
[xUnit.net 00:00:00.25]            at System.Reflection.MethodBaseInvoker.InvokeWithNoArgs(Object obj, BindingFlags invokeAttr)
  Passed SETTING_025 - Validator - Khoß║úng trß║»ng ─æß║ºu/cuß╗æi trong value [20 ms]
  Failed SETTING_022 - Validator - Order_value_exceeds = "text" (kh├┤ng phß║úi sß╗æ) [6 ms]
  Error Message:
   FluentValidation.TestHelper.ValidationTestException : Expected an error message of 'All numeric fields must contain valid numbers'. Actual message was 'Order_value_exceeds must be a valid integer.'
  Stack Trace:
     at FluentValidation.TestHelper.ValidationTestExtension.When(ITestValidationContinuation failures, Func`2 failurePredicate, String exceptionMessage) in /_/src/FluentValidation/TestHelper/ValidatorTestExtensions.cs:line 149
   at FluentValidation.TestHelper.ValidationTestExtension.WithErrorMessage(ITestValidationContinuation failures, String expectedErrorMessage) in /_/src/FluentValidation/TestHelper/ValidatorTestExtensions.cs:line 184
   at UnitTests.Setting.SETTING_022_Validator_OrderValueExceeds_NonNumeric_ShouldFail() in C:\Users\BINH\Documents\Documents\AnhEmMotorProject\AnhEmMotor-Backend\UnitTests\Setting.cs:line 150
   at System.Reflection.MethodBaseInvoker.InterpretedInvoke_Method(Object obj, IntPtr* args)
   at System.Reflection.MethodBaseInvoker.InvokeWithNoArgs(Object obj, BindingFlags invokeAttr)
  Failed SETTING_021 - Validator - Inventory_alert_level = 50.5 (decimal kh├┤ng hß╗úp lß╗ç cho integer field) [< 1 ms]
  Error Message:
   FluentValidation.TestHelper.ValidationTestException : Expected an error message of 'Integer fields cannot have decimal values'. Actual message was 'Inventory_alert_level must be a valid integer.'
  Stack Trace:
     at FluentValidation.TestHelper.ValidationTestExtension.When(ITestValidationContinuation failures, Func`2 failurePredicate, String exceptionMessage) in /_/src/FluentValidation/TestHelper/ValidatorTestExtensions.cs:line 149
   at FluentValidation.TestHelper.ValidationTestExtension.WithErrorMessage(ITestValidationContinuation failures, String expectedErrorMessage) in /_/src/FluentValidation/TestHelper/ValidatorTestExtensions.cs:line 184
   at UnitTests.Setting.SETTING_021_Validator_InventoryAlertLevel_DecimalValue_ShouldFail() in C:\Users\BINH\Documents\Documents\AnhEmMotorProject\AnhEmMotor-Backend\UnitTests\Setting.cs:line 135
   at System.Reflection.MethodBaseInvoker.InterpretedInvoke_Method(Object obj, IntPtr* args)
   at System.Reflection.MethodBaseInvoker.InvokeWithNoArgs(Object obj, BindingFlags invokeAttr)
  Failed SETTING_024 - Validator - Settings dictionary rß╗ùng [< 1 ms]
  Error Message:
   FluentValidation.TestHelper.ValidationTestException : Expected an error message of 'Settings cannot be empty'. Actual message was 'Settings cannot be empty.'
  Stack Trace:
     at FluentValidation.TestHelper.ValidationTestExtension.When(ITestValidationContinuation failures, Func`2 failurePredicate, String exceptionMessage) in /_/src/FluentValidation/TestHelper/ValidatorTestExtensions.cs:line 149
   at FluentValidation.TestHelper.ValidationTestExtension.WithErrorMessage(ITestValidationContinuation failures, String expectedErrorMessage) in /_/src/FluentValidation/TestHelper/ValidatorTestExtensions.cs:line 184
   at UnitTests.Setting.SETTING_024_Validator_EmptySettings_ShouldFail() in C:\Users\BINH\Documents\Documents\AnhEmMotorProject\AnhEmMotor-Backend\UnitTests\Setting.cs:line 176
   at System.Reflection.MethodBaseInvoker.InterpretedInvoke_Method(Object obj, IntPtr* args)
   at System.Reflection.MethodBaseInvoker.InvokeWithNoArgs(Object obj, BindingFlags invokeAttr)
  Failed SETTING_018 - Validator - Deposit_ratio = 99.1 (tr├¬n ng╞░ß╗íng) [< 1 ms]
  Error Message:
   FluentValidation.TestHelper.ValidationTestException : Expected an error message of 'Deposit ratio must be between 1.0 and 99.0 with max 1 decimal place'. Actual message was 'Deposit_ratio must be a number between 1 and 99, with at most 1 decimal place.'
  Stack Trace:
     at FluentValidation.TestHelper.ValidationTestExtension.When(ITestValidationContinuation failures, Func`2 failurePredicate, String exceptionMessage) in /_/src/FluentValidation/TestHelper/ValidatorTestExtensions.cs:line 149
   at FluentValidation.TestHelper.ValidationTestExtension.WithErrorMessage(ITestValidationContinuation failures, String expectedErrorMessage) in /_/src/FluentValidation/TestHelper/ValidatorTestExtensions.cs:line 184
   at UnitTests.Setting.SETTING_018_Validator_DepositRatio_AboveMaximum_ShouldFail() in C:\Users\BINH\Documents\Documents\AnhEmMotorProject\AnhEmMotor-Backend\UnitTests\Setting.cs:line 90
   at System.Reflection.MethodBaseInvoker.InterpretedInvoke_Method(Object obj, IntPtr* args)
   at System.Reflection.MethodBaseInvoker.InvokeWithNoArgs(Object obj, BindingFlags invokeAttr)
  Passed SETTING_027 - Handler SetSettings - Gß╗ìi Update repository vß╗¢i ─æ├║ng data [63 ms]
  Failed SETTING_019 - Validator - Deposit_ratio = "abc" (kh├┤ng phß║úi sß╗æ) [< 1 ms]
  Error Message:
   FluentValidation.TestHelper.ValidationTestException : Expected an error message of 'All numeric fields must contain valid numbers'. Actual message was 'Deposit_ratio must be a number between 1 and 99, with at most 1 decimal place.'
  Stack Trace:
     at FluentValidation.TestHelper.ValidationTestExtension.When(ITestValidationContinuation failures, Func`2 failurePredicate, String exceptionMessage) in /_/src/FluentValidation/TestHelper/ValidatorTestExtensions.cs:line 149
   at FluentValidation.TestHelper.ValidationTestExtension.WithErrorMessage(ITestValidationContinuation failures, String expectedErrorMessage) in /_/src/FluentValidation/TestHelper/ValidatorTestExtensions.cs:line 184
   at UnitTests.Setting.SETTING_019_Validator_DepositRatio_NonNumeric_ShouldFail() in C:\Users\BINH\Documents\Documents\AnhEmMotorProject\AnhEmMotor-Backend\UnitTests\Setting.cs:line 105
   at System.Reflection.MethodBaseInvoker.InterpretedInvoke_Method(Object obj, IntPtr* args)
   at System.Reflection.MethodBaseInvoker.InvokeWithNoArgs(Object obj, BindingFlags invokeAttr)
  Passed SETTING_026 - Handler GetAllSettings - Trß║ú vß╗ü tß║Ñt cß║ú settings tß╗½ repository [11 ms]
  Passed SETTING_014 - Validator - Deposit_ratio = 1 (gi├í trß╗ï bi├¬n tß╗æi thiß╗âu hß╗úp lß╗ç) [< 1 ms]
[xUnit.net 00:00:00.28]       FluentValidation.TestHelper.ValidationTestException : Expected an error message of 'Deposit ratio must be between 1.0 and 99.0 with max 1 decimal place'. Actual message was 'Deposit_ratio must be a number between 1 and 99, with at most 1 decimal place.'
[xUnit.net 00:00:00.28]       Stack Trace:
[xUnit.net 00:00:00.28]         /_/src/FluentValidation/TestHelper/ValidatorTestExtensions.cs(149,0): at FluentValidation.TestHelper.ValidationTestExtension.When(ITestValidationContinuation failures, Func`2 failurePredicate, String exceptionMessage)
[xUnit.net 00:00:00.28]         /_/src/FluentValidation/TestHelper/ValidatorTestExtensions.cs(184,0): at FluentValidation.TestHelper.ValidationTestExtension.WithErrorMessage(ITestValidationContinuation failures, String expectedErrorMessage)
[xUnit.net 00:00:00.28]         C:\Users\BINH\Documents\Documents\AnhEmMotorProject\AnhEmMotor-Backend\UnitTests\Setting.cs(75,0): at UnitTests.Setting.SETTING_017_Validator_DepositRatio_BelowMinimum_ShouldFail()
[xUnit.net 00:00:00.28]            at System.Reflection.MethodBaseInvoker.InterpretedInvoke_Method(Object obj, IntPtr* args)
[xUnit.net 00:00:00.28]            at System.Reflection.MethodBaseInvoker.InvokeWithNoArgs(Object obj, BindingFlags invokeAttr)
[xUnit.net 00:00:00.28]   Finished:    UnitTests
  Failed SETTING_017 - Validator - Deposit_ratio = 0.9 (d╞░ß╗¢i ng╞░ß╗íng) [< 1 ms]
  Error Message:
   FluentValidation.TestHelper.ValidationTestException : Expected an error message of 'Deposit ratio must be between 1.0 and 99.0 with max 1 decimal place'. Actual message was 'Deposit_ratio must be a number between 1 and 99, with at most 1 decimal place.'
  Stack Trace:
     at FluentValidation.TestHelper.ValidationTestExtension.When(ITestValidationContinuation failures, Func`2 failurePredicate, String exceptionMessage) in /_/src/FluentValidation/TestHelper/ValidatorTestExtensions.cs:line 149
   at FluentValidation.TestHelper.ValidationTestExtension.WithErrorMessage(ITestValidationContinuation failures, String expectedErrorMessage) in /_/src/FluentValidation/TestHelper/ValidatorTestExtensions.cs:line 184
   at UnitTests.Setting.SETTING_017_Validator_DepositRatio_BelowMinimum_ShouldFail() in C:\Users\BINH\Documents\Documents\AnhEmMotorProject\AnhEmMotor-Backend\UnitTests\Setting.cs:line 75
   at System.Reflection.MethodBaseInvoker.InterpretedInvoke_Method(Object obj, IntPtr* args)
   at System.Reflection.MethodBaseInvoker.InvokeWithNoArgs(Object obj, BindingFlags invokeAttr)
  Passed SETTING_015 - Validator - Deposit_ratio = 99 (gi├í trß╗ï bi├¬n tß╗æi ─æa hß╗úp lß╗ç) [< 1 ms]
  Passed SETTING_016 - Validator - Deposit_ratio = 50.5 (hß╗úp lß╗ç vß╗¢i 1 chß╗» sß╗æ thß║¡p ph├ón) [< 1 ms]
  Passed SETTING_020 - Validator - Inventory_alert_level = 100 (integer hß╗úp lß╗ç) [< 1 ms]
  Passed SETTING_023 - Validator - Z-bike_threshold_for_meeting = -5 (sß╗æ ├óm) [< 1 ms]

Total tests: 14
     Passed: 8
     Failed: 6
 Total time: 0.6668 Seconds
